// Jest Snapshot v1, https://goo.gl/fbAQLP

exports[`Calendar.vue should match snapshot 1`] = `
<div class="md:container md:mx-auto">
  <autocomplete-stub></autocomplete-stub>
  <div class="inline-flex"><button class="bg-gray-300 hover:bg-gray-400 text-gray-800 font-bold py-2 px-4 rounded-l button-last-week">
      Prev
    </button> <button class="bg-gray-300 hover:bg-gray-400 text-gray-800 font-bold py-2 px-4 rounded-r button-next-week">
      Next
    </button></div>
  <div class="grid grid-cols-1 md:grid-cols-7 p-3">
    <div>
      <calendardata-stub date="[object Object]"></calendardata-stub>
    </div>
    <div>
      <calendardata-stub date="[object Object]"></calendardata-stub>
    </div>
    <div>
      <calendardata-stub date="[object Object]"></calendardata-stub>
    </div>
    <div>
      <calendardata-stub date="[object Object]"></calendardata-stub>
    </div>
    <div>
      <calendardata-stub date="[object Object]"></calendardata-stub>
    </div>
    <div>
      <calendardata-stub date="[object Object]"></calendardata-stub>
    </div>
    <div>
      <calendardata-stub date="[object Object]"></calendardata-stub>
    </div>
  </div>
</div>
`;
